vidadi@Vidadis-MacBook-Pro ~ % psql -U vidadi -d mydb -h localhost -p 5432
psql (15.14 (Homebrew), server 15.13 (Homebrew))
Type "help" for help.

mydb=# DROP TABLE university_students;
DROP TABLE
mydb=# CREATE TABLE students (
    student_id INTEGER PRIMARY KEY,
    name VARCHAR(100),
    email VARCHAR(150)
);
CREATE TABLE
mydb=# DROP TABLE students;
DROP TABLE
mydb=# CREATE TABLE students (
    student_id INTEGER,
    name VARCHAR(100),
    email VARCHAR(150),
    PRIMARY KEY (student_id)
);
CREATE TABLE
mydb=# DROP TABLE students;
DROP TABLE
mydb=# CREATE TABLE students (
    student_id INTEGER,
    name VARCHAR(100),
    email VARCHAR(150),
    CONSTRAINT pk_students PRIMARY KEY (student_id)
);
CREATE TABLE
mydb=# CREATE TABLE students (
    student_id INTEGER,
    name VARCHAR(100),
    email VARCHAR(150)
);
CREATE TABLE
mydb=# ALTER TABLE students ADD CONSTRAINT pk_students PRIMARY KEY (student_id);
ALTER TABLE
mydb=# DROP TABLE students;                                                  
DROP TABLE
mydb=# CREATE TABLE students (
    student_id SERIAL PRIMARY KEY,
    name VARCHAR(100) NOT NULL,
    email VARCHAR(150) UNIQUE,
    faculty VARCHAR(50)
);
CREATE TABLE
mydb=# INSERT INTO students (name, email, faculty) VALUES
('Alice Johnson', 'alice@alatoo.edu.kg', 'Computer Science'),
('Bob Smith', 'bob@alatoo.edu.kg', 'Mathematics'),
('Carol Davis', 'carol@alatoo.edu.kg', 'Computer Science');
INSERT 0 3
mydb=# CREATE TABLE course_enrollments (
    student_id INTEGER,
    course_id INTEGER,
    semester VARCHAR(20),
    enrollment_date DATE DEFAULT CURRENT_DATE,
    grade CHAR(2),
    PRIMARY KEY (student_id, course_id, semester)
);
CREATE TABLE
mydb=# INSERT INTO course_enrollments (student_id, course_id, semester, grade) VALUES
(1, 101, '2024-Spring', 'A'),
(1, 102, '2024-Spring', 'B+'),
(2, 101, '2024-Spring', 'A-'),
(1, 101, '2024-Fall', 'A+');
INSERT 0 4
mydb=# \d
                  List of relations
 Schema |          Name           |   Type   | Owner  
--------+-------------------------+----------+--------
 public | course_enrollments      | table    | vidadi
 public | students                | table    | vidadi
 public | students_student_id_seq | sequence | vidadi
(3 rows)

mydb=# CREATE TABLE products (
    product_id SERIAL PRIMARY KEY,
    product_name VARCHAR(100) NOT NULL,
    price DECIMAL(10,2)
);
CREATE TABLE
mydb=# CREATE TABLE transactions (
    transaction_id BIGSERIAL PRIMARY KEY,  -- Can handle very large numbers
    amount DECIMAL(15,2),
mydb(#  transaction_date TIMESTAMP DEFAULT CURRENT_TIMESTAMP
);
CREATE TABLE
mydb=# \d
                      List of relations
 Schema |              Name               |   Type   | Owner  
--------+---------------------------------+----------+--------
 public | course_enrollments              | table    | vidadi
 public | products                        | table    | vidadi
 public | products_product_id_seq         | sequence | vidadi
 public | students                        | table    | vidadi
 public | students_student_id_seq         | sequence | vidadi
 public | transactions                    | table    | vidadi
 public | transactions_transaction_id_seq | sequence | vidadi
(7 rows)

mydb=# CREATE TABLE orders (
    order_id INTEGER GENERATED ALWAYS AS IDENTITY PRIMARY KEY,
    customer_name VARCHAR(100),
    order_date DATE DEFAULT CURRENT_DATE
);
CREATE TABLE
mydb=# CREATE TABLE customers (
    customer_id INTEGER GENERATED BY DEFAULT AS IDENTITY PRIMARY KEY,
    customer_name VARCHAR(100),
    email VARCHAR(150)
);
CREATE TABLE
mydb=# INSERT INTO customers (customer_id, customer_name, email) 
VALUES (1000, 'VIP Customer', 'vip@example.com');
INSERT 0 1
mydb=# CREATE TABLE departments (
    dept_id INTEGER PRIMARY KEY,
    dept_name VARCHAR(100)
);
CREATE TABLE
mydb=# INSERT INTO departments VALUES (1, 'Computer Science');
INSERT 0 1
mydb=# INSERT INTO departments VALUES (1, 'Mathematics');
ERROR:  duplicate key value violates unique constraint "departments_pkey"
DETAIL:  Key (dept_id)=(1) already exists.
mydb=# INSERT INTO departments VALUES (NULL, 'Physics');
ERROR:  null value in column "dept_id" of relation "departments" violates not-null constraint
DETAIL:  Failing row contains (null, Physics).
mydb=# \d university_students
Did not find any relation named "university_students".
mydb=# \d students
                                          Table "public.students"
   Column   |          Type          | Collation | Nullable |                   Default                    
------------+------------------------+-----------+----------+----------------------------------------------
 student_id | integer                |           | not null | nextval('students_student_id_seq'::regclass)
 name       | character varying(100) |           | not null | 
 email      | character varying(150) |           |          | 
 faculty    | character varying(50)  |           |          | 
Indexes:
    "students_pkey" PRIMARY KEY, btree (student_id)
    "students_email_key" UNIQUE CONSTRAINT, btree (email)

mydb=# \q
